
> noviciado-the-garden@1.0.0 dev
> vite --port 4173

2:51:06 PM [vite] (client) Re-optimizing dependencies because lockfile has changed

  VITE v7.3.6  ready in 469 ms

  ➜  Local:   http://localhost:4173/
  ➜  Network: use --host to expose
2:56:00 PM [vite] (client) hmr update /src/three/GoldParticles.jsx
2:56:15 PM [vite] (client) hmr update /src/three/GoldParticles.jsx
2:56:29 PM [vite] (client) hmr update /src/three/TreeStageSprite.jsx
2:56:34 PM [vite] (client) hmr update /src/three/TreeStageSprite.jsx
2:56:39 PM [vite] (client) hmr update /src/three/GrowthVideo.jsx
2:56:46 PM [vite] (client) hmr update /src/three/WateringScene.jsx
2:56:55 PM [vite] (client) hmr update /src/three/WateringScene.jsx
2:57:00 PM [vite] (client) hmr update /src/components/GardenPlant.jsx
2:57:00 PM [vite] (client) hmr update /src/components/WateringOverlay.jsx
3:26:04 PM [vite] (client) hmr update /src/components/GardenPlant.jsx
3:26:13 PM [vite] (client) hmr update /src/three/WateringScene.jsx
3:26:18 PM [vite] (client) hmr update /src/components/GardenPlant.jsx
3:27:28 PM [vite] (client) hmr update /src/App.jsx
3:36:12 PM [vite] (client) hmr update /src/three/ProceduralTree.jsx
3:40:12 PM [vite] (client) hmr update /src/three/ProceduralTree.jsx
3:41:51 PM [vite] (client) hmr update /src/three/ProceduralTree.jsx
3:43:06 PM [vite] (client) hmr update /src/three/ProceduralTree.jsx
5:34:25 PM [vite] (client) hmr update /src/three/TreeStageSprite.jsx
5:34:25 PM [vite] (client) hmr update /src/three/GrowthVideo.jsx
5:34:34 PM [vite] (client) hmr update /src/components/GardenPlant.jsx
5:34:34 PM [vite] (client) hmr update /src/three/WateringScene.jsx
5:36:22 PM [vite] (client) hmr update /src/three/GrowthVideo.jsx
5:37:27 PM [vite] (client) hmr update /src/three/GrowthVideo.jsx
5:37:56 PM [vite] (client) hmr update /src/three/GrowthVideo.jsx
5:37:59 PM [vite] (client) hmr update /src/three/GrowthVideo.jsx
5:39:44 PM [vite] (client) hmr update /src/three/GrowthVideo.jsx
5:56:22 PM [vite] (client) hmr update /src/three/GrowthVideo.jsx
6:02:41 PM [vite] (client) hmr update /src/three/GrowthVideo.jsx
6:42:07 PM [vite] (client) hmr update /src/components/GardenPlant.jsx
6:42:14 PM [vite] (client) hmr update /src/styles.css
6:42:17 PM [vite] (client) hmr update /src/components/WateringOverlay.jsx
6:49:10 PM [vite] (client) hmr update /src/styles.css
6:49:17 PM [vite] (client) hmr update /src/styles.css
6:56:16 PM [vite] (client) hmr update /src/styles.css
6:56:24 PM [vite] (client) hmr update /src/three/GrowthVideo.jsx
6:56:24 PM [vite] (client) hmr update /src/components/WateringOverlay.jsx
6:56:24 PM [vite] (client) hmr update /src/components/GardenPlant.jsx
6:58:58 PM [vite] (client) hmr update /src/three/GrowthVideo.jsx
6:58:58 PM [vite] (client) hmr update /src/styles.css
7:03:14 PM [vite] (client) hmr update /src/three/GrowthVideo.jsx
7:03:21 PM [vite] (client) hmr update /src/components/GardenPlant.jsx
7:03:21 PM [vite] (client) hmr update /src/components/WateringOverlay.jsx
7:03:27 PM [vite] (client) hmr update /src/styles.css
7:07:15 PM [vite] (client) hmr update /src/three/GrowthVideo.jsx
7:08:26 PM [vite] (client) hmr update /src/three/GrowthVideo.jsx
7:14:14 PM [vite] (client) hmr update /src/styles.css
7:14:19 PM [vite] (client) hmr update /src/three/GrowthVideo.jsx
9:05:32 PM [vite] (client) hmr update /src/components/EntryScreen.jsx
9:05:32 PM [vite] (client) hmr update /src/styles.css
9:26:15 PM [vite] (client) hmr update /src/three/GrowthVideo.jsx
9:32:06 PM [vite] (client) hmr update /src/three/GrowthVideo.jsx
9:35:29 PM [vite] (client) hmr update /src/three/GrowthVideo.jsx
9:35:30 PM [vite] (client) hmr update /src/three/GrowthVideo.jsx
10:54:07 PM [vite] (client) hmr update /src/three/GrowthVideo.jsx
11:00:08 PM [vite] (client) hmr update /src/three/GrowthVideo.jsx
11:00:13 PM [vite] (client) hmr update /src/three/GrowthVideo.jsx
11:13:56 PM [vite] (client) page reload src/main.jsx
11:14:02 PM [vite] (client) hmr update /src/components/EntryScreen.jsx
11:14:13 PM [vite] (client) hmr update /src/App.jsx
11:14:25 PM [vite] (client) hmr update /src/App.jsx
11:14:32 PM [vite] (client) hmr update /src/components/ProfileCard.jsx
11:14:38 PM [vite] (client) hmr update /src/styles.css
11:14:49 PM [vite] (client) hmr update /src/components/ProfileCard.jsx
11:14:49 PM [vite] (client) hmr update /src/styles.css
11:22:39 PM [vite] (client) hmr update /src/three/GrowthVideo.jsx
11:23:01 PM [vite] (client) hmr update /src/components/EntryScreen.jsx
11:23:07 PM [vite] (client) hmr update /src/App.jsx
11:23:12 PM [vite] (client) hmr update /src/components/ProfileCard.jsx
11:23:21 PM [vite] (client) hmr update /src/styles.css
11:31:43 PM [vite] (client) hmr update /src/components/EntryScreen.jsx
11:31:55 PM [vite] (client) hmr update /src/styles.css
11:32:01 PM [vite] (client) hmr update /src/components/ProfileCard.jsx
11:32:07 PM [vite] (client) hmr update /src/styles.css
11:32:12 PM [vite] (client) hmr update /src/styles.css
11:32:26 PM [vite] (client) hmr update /src/styles.css
11:34:57 PM [vite] (client) hmr update /src/components/EntryScreen.jsx
11:35:01 PM [vite] (client) hmr update /src/components/ProfileCard.jsx
11:35:06 PM [vite] (client) hmr update /src/App.jsx
11:35:12 PM [vite] (client) hmr update /src/styles.css
11:41:13 PM [vite] (client) hmr update /src/App.jsx
11:41:20 PM [vite] (client) hmr update /src/components/ProfileCard.jsx
11:41:28 PM [vite] (client) hmr update /src/styles.css
11:41:41 PM [vite] (client) hmr update /src/styles.css
11:44:38 PM [vite] (client) hmr update /src/styles.css
11:47:21 PM [vite] (client) hmr update /src/components/WateringOverlay.jsx
11:47:26 PM [vite] (client) hmr update /src/styles.css
11:51:08 PM [vite] (client) hmr update /src/styles.css
